  console.error
    An update to MapPage inside a test was not wrapped in act(...).
    
    When testing, code that causes React state updates should be wrapped into act(...):
    
    act(() => {
      /* fire events that update state */
    });
    /* assert on the output */
    
    This ensures that you're testing the behavior the user would see in the browser. Learn more at https://react.dev/link/wrap-tests-with-act

    [0m [90m 32 |[39m       [36mtry[39m {
     [90m 33 |[39m         [36mconst[39m data [33m=[39m [36mawait[39m getPollingBooths()[33m;[39m
    [31m[1m>[22m[39m[90m 34 |[39m         setBooths(data)[33m;[39m
     [90m    |[39m         [31m[1m^[22m[39m
     [90m 35 |[39m       } [36mcatch[39m (err) {
     [90m 36 |[39m         console[33m.[39merror([32m"Failed to load booths"[39m)[33m;[39m
     [90m 37 |[39m         setToast({ open[33m:[39m [36mtrue[39m[33m,[39m message[33m:[39m [32m"Failed to load polling booths."[39m[33m,[39m severity[33m:[39m [32m'error'[39m })[33m;[39m[0m

      at node_modules/react-dom/cjs/react-dom-client.development.js:18758:19
      at runWithFiberInDEV (node_modules/react-dom/cjs/react-dom-client.development.js:874:13)
      at warnIfUpdatesNotWrappedWithActDEV (node_modules/react-dom/cjs/react-dom-client.development.js:18757:9)
      at scheduleUpdateOnFiber (node_modules/react-dom/cjs/react-dom-client.development.js:16409:11)
      at dispatchSetStateInternal (node_modules/react-dom/cjs/react-dom-client.development.js:9170:13)
      at dispatchSetState (node_modules/react-dom/cjs/react-dom-client.development.js:9127:7)
      at setBooths (src/app/map/page.tsx:34:9)

  console.error
    An update to MapPage inside a test was not wrapped in act(...).
    
    When testing, code that causes React state updates should be wrapped into act(...):
    
    act(() => {
      /* fire events that update state */
    });
    /* assert on the output */
    
    This ensures that you're testing the behavior the user would see in the browser. Learn more at https://react.dev/link/wrap-tests-with-act

    [0m [90m 37 |[39m         setToast({ open[33m:[39m [36mtrue[39m[33m,[39m message[33m:[39m [32m"Failed to load polling booths."[39m[33m,[39m severity[33m:[39m [32m'error'[39m })[33m;[39m
     [90m 38 |[39m       } [36mfinally[39m {
    [31m[1m>[22m[39m[90m 39 |[39m         setLoading([36mfalse[39m)[33m;[39m
     [90m    |[39m         [31m[1m^[22m[39m
     [90m 40 |[39m       }
     [90m 41 |[39m     }
     [90m 42 |[39m     loadData()[33m;[39m[0m

      at node_modules/react-dom/cjs/react-dom-client.development.js:18758:19
      at runWithFiberInDEV (node_modules/react-dom/cjs/react-dom-client.development.js:874:13)
      at warnIfUpdatesNotWrappedWithActDEV (node_modules/react-dom/cjs/react-dom-client.development.js:18757:9)
      at scheduleUpdateOnFiber (node_modules/react-dom/cjs/react-dom-client.development.js:16409:11)
      at dispatchSetStateInternal (node_modules/react-dom/cjs/react-dom-client.development.js:9170:13)
      at dispatchSetState (node_modules/react-dom/cjs/react-dom-client.development.js:9127:7)
      at setLoading (src/app/map/page.tsx:39:9)

node.exe : FAIL __tests__/components.test.tsx (5.606 s)
At line:1 char:1
+ & "C:\Program Files\nodejs/node.exe" "C:\Program Files\nodejs/node_mo ...
+ ~~~~~~~~~~~~~~~~~~~~~~~~~~~~~~~~~~~~~~~~~~~~~~~~~~~~~~~~~~~~~~~~~~~~~
    + CategoryInfo          : NotSpecified: (FAIL __tests__/...t.tsx (5.606 s):String) [], RemoteException
    + FullyQualifiedErrorId : NativeCommandError
 
  CivicOS Core Components & Integration
    ΓêÜ renders ActionCard with correct title and handles navigation (276 ms)
    ΓêÜ renders InsightCard with data properly (55 ms)
    ΓêÜ renders Readiness Score circle with proper percentage (46 ms)
    ├ù ChatPanel renders AI title and initial greeting (82 ms)
    ├ù ChatPanel prevents sending empty input (11 ms)
    ├ù ChatPanel allows user to send prompt and displays typing state (11 ms)
    ├ù ChatPanel triggers proactive nudge on low readiness score (10 ms)
    ΓêÜ MapPage renders map and sidebar successfully (215 ms)

  ΓùÅ CivicOS Core Components & Integration ΓÇ║ ChatPanel renders AI title and initial greeting

    ReferenceError: useRef is not defined

    [0m [90m 29 |[39m   [36mconst[39m [input[33m,[39m setInput] [33m=[39m useState([32m''[39m)[33m;[39m
     [90m 30 |[39m   [36mconst[39m [isLoading[33m,[39m setIsLoading] [33m=[39m 
useState([36mfalse[39m)[33m;[39m
    [31m[1m>[22m[39m[90m 31 |[39m   [36mconst[39m messagesEndRef [33m=[39m 
useRef[33m<[39m[33mHTMLDivElement[39m[33m>[39m([36mnull[39m)[33m;[39m
     [90m    |[39m                          [31m[1m^[22m[39m
     [90m 32 |[39m   
     [90m 33 |[39m   [90m// Proactive nudge effect based on score[39m
     [90m 34 |[39m   useEffect(() [33m=>[39m {[0m

      at useRef (src/components/Dashboard/ChatPanel.tsx:31:26)
      at Object.react_stack_bottom_frame (node_modules/react-dom/cjs/react-dom-client.development.js:25904:20)
      at renderWithHooks (node_modules/react-dom/cjs/react-dom-client.development.js:7662:22)
      at updateFunctionComponent (node_modules/react-dom/cjs/react-dom-client.development.js:10166:19)
      at beginWork (node_modules/react-dom/cjs/react-dom-client.development.js:11778:18)
      at runWithFiberInDEV (node_modules/react-dom/cjs/react-dom-client.development.js:874:13)
      at performUnitOfWork (node_modules/react-dom/cjs/react-dom-client.development.js:17641:22)
      at workLoopSync (node_modules/react-dom/cjs/react-dom-client.development.js:17469:41)
      at renderRootSync (node_modules/react-dom/cjs/react-dom-client.development.js:17450:11)
      at performWorkOnRoot (node_modules/react-dom/cjs/react-dom-client.development.js:16583:35)
      at performWorkOnRootViaSchedulerTask (node_modules/react-dom/cjs/react-dom-client.development.js:18957:7)
      at flushActQueue (node_modules/react/cjs/react.development.js:590:34)
      at process.env.NODE_ENV.exports.act (node_modules/react/cjs/react.development.js:884:10)
      at node_modules/@testing-library/react/dist/act-compat.js:46:25
      at renderRoot (node_modules/@testing-library/react/dist/pure.js:189:26)
      at render (node_modules/@testing-library/react/dist/pure.js:291:10)
      at Object.<anonymous> (__tests__/components.test.tsx:52:11)

  ΓùÅ CivicOS Core Components & Integration ΓÇ║ ChatPanel prevents sending empty input

    ReferenceError: useRef is not defined

    [0m [90m 29 |[39m   [36mconst[39m [input[33m,[39m setInput] [33m=[39m useState([32m''[39m)[33m;[39m
     [90m 30 |[39m   [36mconst[39m [isLoading[33m,[39m setIsLoading] [33m=[39m 
useState([36mfalse[39m)[33m;[39m
    [31m[1m>[22m[39m[90m 31 |[39m   [36mconst[39m messagesEndRef [33m=[39m 
useRef[33m<[39m[33mHTMLDivElement[39m[33m>[39m([36mnull[39m)[33m;[39m
     [90m    |[39m                          [31m[1m^[22m[39m
     [90m 32 |[39m   
     [90m 33 |[39m   [90m// Proactive nudge effect based on score[39m
     [90m 34 |[39m   useEffect(() [33m=>[39m {[0m

      at useRef (src/components/Dashboard/ChatPanel.tsx:31:26)
      at Object.react_stack_bottom_frame (node_modules/react-dom/cjs/react-dom-client.development.js:25904:20)
      at renderWithHooks (node_modules/react-dom/cjs/react-dom-client.development.js:7662:22)
      at updateFunctionComponent (node_modules/react-dom/cjs/react-dom-client.development.js:10166:19)
      at beginWork (node_modules/react-dom/cjs/react-dom-client.development.js:11778:18)
      at runWithFiberInDEV (node_modules/react-dom/cjs/react-dom-client.development.js:874:13)
      at performUnitOfWork (node_modules/react-dom/cjs/react-dom-client.development.js:17641:22)
      at workLoopSync (node_modules/react-dom/cjs/react-dom-client.development.js:17469:41)
      at renderRootSync (node_modules/react-dom/cjs/react-dom-client.development.js:17450:11)
      at performWorkOnRoot (node_modules/react-dom/cjs/react-dom-client.development.js:16583:35)
      at performWorkOnRootViaSchedulerTask (node_modules/react-dom/cjs/react-dom-client.development.js:18957:7)
      at flushActQueue (node_modules/react/cjs/react.development.js:590:34)
      at process.env.NODE_ENV.exports.act (node_modules/react/cjs/react.development.js:884:10)
      at node_modules/@testing-library/react/dist/act-compat.js:46:25
      at renderRoot (node_modules/@testing-library/react/dist/pure.js:189:26)
      at render (node_modules/@testing-library/react/dist/pure.js:291:10)
      at Object.<anonymous> (__tests__/components.test.tsx:58:11)

  ΓùÅ CivicOS Core Components & Integration ΓÇ║ ChatPanel allows user to send prompt and displays typing state

    ReferenceError: useRef is not defined

    [0m [90m 29 |[39m   [36mconst[39m [input[33m,[39m setInput] [33m=[39m useState([32m''[39m)[33m;[39m
     [90m 30 |[39m   [36mconst[39m [isLoading[33m,[39m setIsLoading] [33m=[39m 
useState([36mfalse[39m)[33m;[39m
    [31m[1m>[22m[39m[90m 31 |[39m   [36mconst[39m messagesEndRef [33m=[39m 
useRef[33m<[39m[33mHTMLDivElement[39m[33m>[39m([36mnull[39m)[33m;[39m
     [90m    |[39m                          [31m[1m^[22m[39m
     [90m 32 |[39m   
     [90m 33 |[39m   [90m// Proactive nudge effect based on score[39m
     [90m 34 |[39m   useEffect(() [33m=>[39m {[0m

      at useRef (src/components/Dashboard/ChatPanel.tsx:31:26)
      at Object.react_stack_bottom_frame (node_modules/react-dom/cjs/react-dom-client.development.js:25904:20)
      at renderWithHooks (node_modules/react-dom/cjs/react-dom-client.development.js:7662:22)
      at updateFunctionComponent (node_modules/react-dom/cjs/react-dom-client.development.js:10166:19)
      at beginWork (node_modules/react-dom/cjs/react-dom-client.development.js:11778:18)
      at runWithFiberInDEV (node_modules/react-dom/cjs/react-dom-client.development.js:874:13)
      at performUnitOfWork (node_modules/react-dom/cjs/react-dom-client.development.js:17641:22)
      at workLoopSync (node_modules/react-dom/cjs/react-dom-client.development.js:17469:41)
      at renderRootSync (node_modules/react-dom/cjs/react-dom-client.development.js:17450:11)
      at performWorkOnRoot (node_modules/react-dom/cjs/react-dom-client.development.js:16583:35)
      at performWorkOnRootViaSchedulerTask (node_modules/react-dom/cjs/react-dom-client.development.js:18957:7)
      at flushActQueue (node_modules/react/cjs/react.development.js:590:34)
      at process.env.NODE_ENV.exports.act (node_modules/react/cjs/react.development.js:884:10)
      at node_modules/@testing-library/react/dist/act-compat.js:46:25
      at renderRoot (node_modules/@testing-library/react/dist/pure.js:189:26)
      at render (node_modules/@testing-library/react/dist/pure.js:291:10)
      at Object.<anonymous> (__tests__/components.test.tsx:72:11)

  ΓùÅ CivicOS Core Components & Integration ΓÇ║ ChatPanel triggers proactive nudge on low readiness score

    ReferenceError: useRef is not defined

    [0m [90m 29 |[39m   [36mconst[39m [input[33m,[39m setInput] [33m=[39m useState([32m''[39m)[33m;[39m
     [90m 30 |[39m   [36mconst[39m [isLoading[33m,[39m setIsLoading] [33m=[39m 
useState([36mfalse[39m)[33m;[39m
    [31m[1m>[22m[39m[90m 31 |[39m   [36mconst[39m messagesEndRef [33m=[39m 
useRef[33m<[39m[33mHTMLDivElement[39m[33m>[39m([36mnull[39m)[33m;[39m
     [90m    |[39m                          [31m[1m^[22m[39m
     [90m 32 |[39m   
     [90m 33 |[39m   [90m// Proactive nudge effect based on score[39m
     [90m 34 |[39m   useEffect(() [33m=>[39m {[0m

      at useRef (src/components/Dashboard/ChatPanel.tsx:31:26)
      at Object.react_stack_bottom_frame (node_modules/react-dom/cjs/react-dom-client.development.js:25904:20)
      at renderWithHooks (node_modules/react-dom/cjs/react-dom-client.development.js:7662:22)
      at updateFunctionComponent (node_modules/react-dom/cjs/react-dom-client.development.js:10166:19)
      at beginWork (node_modules/react-dom/cjs/react-dom-client.development.js:11778:18)
      at runWithFiberInDEV (node_modules/react-dom/cjs/react-dom-client.development.js:874:13)
      at performUnitOfWork (node_modules/react-dom/cjs/react-dom-client.development.js:17641:22)
      at workLoopSync (node_modules/react-dom/cjs/react-dom-client.development.js:17469:41)
      at renderRootSync (node_modules/react-dom/cjs/react-dom-client.development.js:17450:11)
      at performWorkOnRoot (node_modules/react-dom/cjs/react-dom-client.development.js:16583:35)
      at performWorkOnRootViaSchedulerTask (node_modules/react-dom/cjs/react-dom-client.development.js:18957:7)
      at flushActQueue (node_modules/react/cjs/react.development.js:590:34)
      at process.env.NODE_ENV.exports.act (node_modules/react/cjs/react.development.js:884:10)
      at node_modules/@testing-library/react/dist/act-compat.js:46:25
      at renderRoot (node_modules/@testing-library/react/dist/pure.js:189:26)
      at render (node_modules/@testing-library/react/dist/pure.js:291:10)
      at Object.<anonymous> (__tests__/components.test.tsx:91:11)

Test Suites: 1 failed, 1 total
Tests:       4 failed, 4 passed, 8 total
Snapshots:   0 total
Time:        6.623 s
Ran all test suites.
